Case #1: 3
Case #2: 7
Case #3: 6
Case #4: 9
Case #5: 9
Case #6: 6
Case #7: 7
Case #8: 8
Case #9: 3
Case #10: 10
Case #11: 9
Case #12: 5
Case #13: 10
Case #14: 6
Case #15: 10
Case #16: 6
Case #17: 4
Case #18: 7
Case #19: 8
Case #20: 7
Case #21: 3
Case #22: 4
Case #23: 5
Case #24: 5
Case #25: 6
Case #26: 6
Case #27: 6
Case #28: 1
Case #29: 5
Case #30: 5
Case #31: 8
Case #32: 2
Case #33: 2
Case #34: 5
Case #35: 4
Case #36: 4
Case #37: 6
Case #38: 8
Case #39: 6
Case #40: 7
Case #41: 6
Case #42: 5
Case #43: 5
Case #44: 6
Case #45: 8
Case #46: 7
Case #47: 5
Case #48: 4
Case #49: 6
Case #50: 4
Case #51: 5
Case #52: 4
Case #53: 9
Case #54: 5
Case #55: 3
