Case #1: 1.0
Case #2: 0.0
Case #3: 0.888888888889
Case #4: 1.0
Case #5: 13.9999999945
Case #6: 2.0
Case #7: 1.0
Case #8: 1.0
Case #9: 1.0
Case #10: 15.9999927759
Case #11: 1.0
Case #12: 1.0
Case #13: 1.0
Case #14: 15.069952
Case #15: 12.8172904079
Case #16: 2.73407774081
Case #17: 2.0
Case #18: 16.6
Case #19: 7.10378066606
Case #20: 22.40128
Case #21: 3.70237525582
Case #22: 5.0
Case #23: 1.4726
Case #24: 2.0
Case #25: 0
Case #26: 0.999999999997
Case #27: 6.0
Case #28: 1.0
Case #29: 3.0
Case #30: 2.0
Case #31: 1.90909090909
Case #32: 4.62
Case #33: 2.0
Case #34: 0.999999999761
Case #35: 1.0
Case #36: 0.999999995448
Case #37: 1.0
Case #38: 1.0
Case #39: 3.0
Case #40: 0
Case #41: 8.6272196127
Case #42: 41.7209302326
Case #43: 13.2
Case #44: 8.0
Case #45: 1.0
Case #46: 0.3709875
Case #47: 7.99999999743
Case #48: 0.999996271174
Case #49: 1.0
Case #50: 7.953216
Case #51: 2.99999981324
Case #52: 1.383168
Case #53: 1.0
Case #54: 0
Case #55: 1.99999992581
Case #56: 2.0
Case #57: 0.0
Case #58: 0.999999999446
Case #59: 2.25132336
Case #60: 7.0
Case #61: 3.0
Case #62: 31.2985187394
Case #63: 1.0
Case #64: 3.0
Case #65: 1.0
Case #66: 1.0
Case #67: 3.0
Case #68: 3.0
Case #69: 10.0
Case #70: 3.99999990602
Case #71: 0
Case #72: 3.99999998254
Case #73: 3.99999999999
Case #74: 1.0
Case #75: 4.2
Case #76: 2.0
Case #77: 1.0
Case #78: 29.7616
Case #79: 1.99999999999
Case #80: 4.99999914047
Case #81: 1.0
Case #82: 1.0
Case #83: 9.0
Case #84: 1.0
Case #85: 1.0
Case #86: 3.0
Case #87: 1.0
Case #88: 1.0
Case #89: 2.99866740371
Case #90: 1.0
Case #91: 0
Case #92: 5.85
Case #93: 1.0
Case #94: 1.0
Case #95: 0
Case #96: 0.0
Case #97: 0.0
Case #98: 2.99999999998
Case #99: 8.999987372
Case #100: 1.0
