Case #1: 0
Case #2: 0.999998785734
Case #3: 0.0
Case #4: 1.0
Case #5: 0.999996427755
Case #6: 0.99951171875
Case #7: 0.979591836735
Case #8: 1.5
Case #9: 0.9990234375
Case #10: 1.32653061224
Case #11: 0.0
Case #12: 0
Case #13: 2.0
Case #14: 0.888888888889
Case #15: 0.5
Case #16: 0.9968
Case #17: 0.0
Case #18: 0.99537037037
Case #19: 1.4693877551
Case #20: 0.571428571429
Case #21: 3.33333333333
Case #22: 1.99833402749
Case #23: 0.998046875
Case #24: 2.85714285714
Case #25: 0.0
Case #26: 0.999744
Case #27: 1.95918367347
Case #28: 0.999914266118
Case #29: 1.75
Case #30: 0.370262390671
Case #31: 0.99537037037
Case #32: 0.370262390671
Case #33: 0.995904
Case #34: 1.0
Case #35: 0.857142857143
Case #36: 4.66666666667
Case #37: 0.0
Case #38: 2.6875
Case #39: 2.57142857143
Case #40: 0.0
Case #41: 0.999938964844
Case #42: 0.979591836735
Case #43: 0.0
Case #44: 0
Case #45: 0.0
Case #46: 0
Case #47: 0.979591836735
Case #48: 4.0
Case #49: 1.55555555556
Case #50: 0
Case #51: 0.9952
Case #52: 0.0
Case #53: 1.5
Case #54: 0
Case #55: 2.5
Case #56: 0.999821502945
Case #57: 0.0
Case #58: 0.0
Case #59: 0.0
Case #60: 0.99951171875
Case #61: 2.90625
Case #62: 0
Case #63: 0
Case #64: 0.0
Case #65: 1.42857142857
Case #66: 2.85714285714
Case #67: 0
Case #68: 1.99333610995
Case #69: 1.85131195335
Case #70: 1.97667638484
Case #71: 0.96
Case #72: 0.571428571429
Case #73: 0.9921875
Case #74: 0.959183673469
Case #75: 1.85185185185
Case #76: 0.0
Case #77: 0.997084548105
Case #78: 0.999938964844
Case #79: 2.9537037037
Case #80: 3.5
Case #81: 2.86111111111
Case #82: 2.98542274052
Case #83: 2.91666666667
Case #84: 0.0
Case #85: 0.285714285714
Case #86: 0
Case #87: 0
Case #88: 2.96
Case #89: 0
Case #90: 3.55555555556
Case #91: 0.999998785734
Case #92: 0
Case #93: 0
Case #94: 0.999914266118
Case #95: 0.875
Case #96: 5.625
Case #97: 1.79008746356
Case #98: 0.999938964844
Case #99: 1.95918367347
Case #100: 5.04
