Case #1: 0
Case #2: 0.0
Case #3: 1.0
Case #4: 0.888888888889
Case #5: 9.0
